ValidationError: foo ist kein gültiger Wert für den Anfrageparameter 'type'. Erlaubte Werte sind: bar
