ValidationError: foo is not a valid value for the request parameter 'type'. Allowed values are: bar
